../Core/Src/main.c:83:5:main	8	static
../Core/Src/main.c:138:6:SystemClock_Config	88	static
../Core/Src/main.c:185:13:MX_SPI1_Init	8	static
../Core/Src/main.c:225:13:MX_SPI2_Init	8	static
../Core/Src/main.c:265:13:MX_USART2_UART_Init	8	static
../Core/Src/main.c:299:13:MX_DMA_Init	16	static
../Core/Src/main.c:320:13:MX_GPIO_Init	56	static
../Core/Src/main.c:349:6:HAL_UART_ErrorCallback	16	static
../Core/Src/main.c:374:6:HAL_UARTEx_RxEventCallback	16	static
../Core/Src/main.c:392:6:Error_Handler	8	static,ignoring_inline_asm
